<html>
<body>
<pre>
<h1>µVision Build Log</h1>
<h2>Tool Versions:</h2>
IDE-Version: µVision V5.29.0.0
Copyright (C) 2019 ARM Ltd and ARM Germany GmbH. All rights reserved.
License Information: arafa arafa, hello, LIC=----
 
Tool Versions:
Toolchain:       MDK-Lite  Version: 5.29.0.0
Toolchain Path:  C:\Keil_v5\ARM\ARMCC\Bin
C Compiler:      Armcc.exe V5.06 update 6 (build 750)
Assembler:       Armasm.exe V5.06 update 6 (build 750)
Linker/Locator:  ArmLink.exe V5.06 update 6 (build 750)
Library Manager: ArmAr.exe V5.06 update 6 (build 750)
Hex Converter:   FromElf.exe V5.06 update 6 (build 750)
CPU DLL:         SARMCM3.DLL V5.29.0.0
Dialog DLL:      DCM.DLL V1.17.3.0
Target DLL:      lmidk-agdi.dll V???
Dialog DLL:      TCM.DLL V1.36.5.0
 
<h2>Project:</h2>
D:\ARM_Project\Tiva_c\LED_brightness\LED_brightness.uvprojx
Project File Date:  06/20/2023

<h2>Output:</h2>
*** Using Compiler 'V5.06 update 6 (build 750)', folder: 'C:\Keil_v5\ARM\ARMCC\Bin'
Build target 'Target 1'
compiling SW_PWM.c...
HAL\SW_PWM\../../MCAL/TIMERS/../../STD_LIBRARIES/STD_TYPES.h(64): warning:  #1-D: last line of file ends without a newline
  #endif /* STD_TYPES_H_ */
HAL\SW_PWM\../../MCAL/TIMERS/TIMERS_interface.h(76): warning:  #1-D: last line of file ends without a newline
  #endif
HAL\SW_PWM\../../MCAL/DIO/DIO_interface.h(98): warning:  #1-D: last line of file ends without a newline
  #endif
HAL\SW_PWM\SW_PWM.h(42): warning:  #1-D: last line of file ends without a newline
  #endif
HAL\SW_PWM\SW_PWM.c(39): warning:  #177-D: variable "l_pin_config_temp"  was declared but never referenced
  	dio_str_pin_Config_t l_pin_config_temp;
HAL\SW_PWM\SW_PWM.c(157): warning:  #1-D: last line of file ends without a newline
  }
HAL\SW_PWM\SW_PWM.c: 6 warnings, 0 errors
linking...
Program Size: Code=4588 RO-data=668 RW-data=40 ZI-data=696  
".\Objects\LED_brightness.axf" - 0 Error(s), 6 Warning(s).

<h2>Software Packages used:</h2>

Package Vendor: ARM
                http://www.keil.com/pack/ARM.CMSIS.5.6.0.pack
                ARM.CMSIS.5.6.0
                CMSIS (Cortex Microcontroller Software Interface Standard)
   * Component: CORE Version: 5.3.0

Package Vendor: Keil
                http://www.keil.com/pack/Keil.TM4C_DFP.1.1.0.pack
                Keil.TM4C_DFP.1.1.0
                Texas Instruments Tiva C Series Device Support and Examples
   * Component: Startup Version: 1.0.1

<h2>Collection of Component include folders:</h2>
  .\RTE\_Target_1
  C:\Users\Arafa\AppData\Local\Arm\Packs\ARM\CMSIS\5.6.0\CMSIS\Core\Include
  C:\Users\Arafa\AppData\Local\Arm\Packs\Keil\TM4C_DFP\1.1.0\Device\Include\TM4C123

<h2>Collection of Component Files used:</h2>

   * Component: ARM::CMSIS:CORE:5.3.0

   * Component: Keil::Device:Startup:1.0.1
      Source file:   Device\Source\system_TM4C123.c
      Include file:  Device\Include\TM4C123\TM4C123.h
      Source file:   Device\Source\ARM\startup_TM4C123.s
Build Time Elapsed:  00:00:00
</pre>
</body>
</html>
